2026/08/24 Mon 02:05:18.057278 [2296 Thread-1][INFO] SubConverter v0.9.0 starting up..
]0;SubConverter v0.9.02026/08/24 Mon 02:05:18.057956 [2296 Thread-1][INFO] Loading preference settings...
2026/08/24 Mon 02:05:18.062718 [2296 Thread-1][VERB] Imported 0 item(s).
2026/08/24 Mon 02:05:18.062751 [2296 Thread-1][VERB] Trying to import items from snippets/emoji.toml
2026/08/24 Mon 02:05:18.069027 [2296 Thread-1][VERB] Imported 91 item(s).
2026/08/24 Mon 02:05:18.069137 [2296 Thread-1][VERB] Trying to import items from snippets/groups.toml
2026/08/24 Mon 02:05:18.070644 [2296 Thread-1][VERB] Imported 13 item(s).
2026/08/24 Mon 02:05:18.070690 [2296 Thread-1][VERB] Trying to import items from snippets/rulesets.toml
2026/08/24 Mon 02:05:18.072275 [2296 Thread-1][VERB] Imported 20 item(s).
2026/08/24 Mon 02:05:18.072345 [2296 Thread-1][VERB] Imported 0 item(s).
2026/08/24 Mon 02:05:18.072370 [2296 Thread-1][INFO] Load preference settings in TOML format completed.
2026/08/24 Mon 02:05:18.072657 [2296 Thread-1][INFO] Updating ruleset url 'rules/LocalAreaNetwork.list' with group '🎯 全球直连'.
2026/08/24 Mon 02:05:18.072801 [2296 Thread-1][INFO] Updating ruleset url 'rules/MSServices.list' with group 'Ⓜ️ 微软服务'.
2026/08/24 Mon 02:05:18.072927 [2296 Thread-1][INFO] Updating ruleset url 'rules/DivineEngine/Surge/Ruleset/Unbreak.list' with group '🎯 全球直连'.
2026/08/24 Mon 02:05:18.073062 [2296 Thread-1][INFO] Updating ruleset url 'rules/NobyDa/Surge/AdRule.list' with group '🛑 全球拦截'.
2026/08/24 Mon 02:05:18.073326 [2296 Thread-1][INFO] Updating ruleset url 'rules/DivineEngine/Surge/Ruleset/Guard/Hijacking.list' with group '🛑 全球拦截'.
2026/08/24 Mon 02:05:18.073466 [2296 Thread-1][INFO] Updating ruleset url 'rules/DivineEngine/Surge/Ruleset/StreamingMedia/Video/Netflix.list' with group '🎥 NETFLIX'.
2026/08/24 Mon 02:05:18.073559 [2296 Thread-1][INFO] Updating ruleset url 'rules/DivineEngine/Surge/Ruleset/StreamingMedia/Streaming.list' with group '🌍 国外媒体'.
2026/08/24 Mon 02:05:18.073658 [2296 Thread-1][INFO] Updating ruleset url 'rules/lhie1/Surge/Surge 3/Provider/Media/Bilibili.list' with group '🌏 国内媒体'.
2026/08/24 Mon 02:05:18.073748 [2296 Thread-1][INFO] Updating ruleset url 'rules/lhie1/Surge/Surge 3/Provider/Media/iQiyi.list' with group '🌏 国内媒体'.
2026/08/24 Mon 02:05:18.073847 [2296 Thread-1][INFO] Updating ruleset url 'rules/lhie1/Surge/Surge 3/Provider/Media/Letv.list' with group '🌏 国内媒体'.
2026/08/24 Mon 02:05:18.073955 [2296 Thread-1][INFO] Updating ruleset url 'rules/lhie1/Surge/Surge 3/Provider/Media/MOO.list' with group '🌏 国内媒体'.
2026/08/24 Mon 02:05:18.074113 [2296 Thread-1][INFO] Updating ruleset url 'rules/lhie1/Surge/Surge 3/Provider/Media/Tencent Video.list' with group '🌏 国内媒体'.
2026/08/24 Mon 02:05:18.074229 [2296 Thread-1][INFO] Updating ruleset url 'rules/lhie1/Surge/Surge 3/Provider/Media/Youku.list' with group '🌏 国内媒体'.
2026/08/24 Mon 02:05:18.074339 [2296 Thread-1][INFO] Updating ruleset url 'rules/DivineEngine/Surge/Ruleset/Extra/Telegram/Telegram.list' with group '📲 电报信息'.
2026/08/24 Mon 02:05:18.074450 [2296 Thread-1][INFO] Updating ruleset url 'rules/DivineEngine/Surge/Ruleset/Global.list' with group '🔰 节点选择'.
2026/08/24 Mon 02:05:18.074572 [2296 Thread-1][INFO] Updating ruleset url 'rules/DivineEngine/Surge/Ruleset/Extra/Apple/Apple.list' with group '🍎 苹果服务'.
2026/08/24 Mon 02:05:18.074682 [2296 Thread-1][INFO] Updating ruleset url 'rules/DivineEngine/Surge/Ruleset/China.list' with group '🎯 全球直连'.
2026/08/24 Mon 02:05:18.074806 [2296 Thread-1][INFO] Updating ruleset url 'rules/NobyDa/Surge/Download.list' with group '🎯 全球直连'.
2026/08/24 Mon 02:05:18.074916 [2296 Thread-1][INFO] Adding rule 'GEOIP,CN,🎯 全球直连'.
2026/08/24 Mon 02:05:18.074962 [2296 Thread-1][INFO] Adding rule 'FINAL,🐟 漏网之鱼'.
2026/08/24 Mon 02:05:18.075047 [2296 Thread-1][INFO] Startup completed. Serving HTTP @ http://0.0.0.0:25500
2026/08/24 Mon 02:05:21.070927 [2296 Thread-2][DEBG] Accept connection from client 127.0.0.1:55990
2026/08/24 Mon 02:05:21.070968 [2296 Thread-2][VERB] handle_cmd:    GET handle_uri:    /sub?target=clash&url=data:text/plain;base64,YW55dGxzOi8vZ2l0aHViLmNvbSUyRkFsdmluOTk5OS1uZXdwYWMlMkZmYW5xaWFuZ0BpcDQuOTM0NjE4Lnh5ejo1MTEzMz9zZWN1cml0eT10bHMmc25pPWlwNC45MzQ2MTgueHl6Jmluc2VjdXJlPTAmYWxsb3dJbnNlY3VyZT0wJnR5cGU9dGNwJmhlYWRlclR5cGU9bm9uZSNnaXRodWItYW55dGxzLTEKdm1lc3M6Ly9ldzBLSUNBaWRpSTZJQ0l5SWl3TkNpQWdJbkJ6SWpvZ0luWnRaWE56TFhkekxXbHdkallpTEEwS0lDQWlZV1JrSWpvZ0lqSXdNREU2WW1NNE9qTXlaRGM2TVdFNU9qb3lJaXdOQ2lBZ0luQnZjblFpT2lBaU1qTXpPRGdpTEEwS0lDQWlhV1FpT2lBaU0yRTVOalprTWpBdE4ySTVaQzAwT0dOakxXSmhNbU10T0dRek9ERTJNV0kyWkROaElpd05DaUFnSW1GcFpDSTZJQ0l3SWl3TkNpQWdJbk5qZVNJNklDSmhkWFJ2SWl3TkNpQWdJbTVsZENJNklDSjNjeUlzRFFvZ0lDSjBlWEJsSWpvZ0ltNXZibVVpTEEwS0lDQWljR0YwYUNJNklDSXZaMmwwYUhWaUxtTnZiUzlCYkhacGJqazVPVGt0Ym1WM2NHRmpMMlpoYm5GcFlXNW5JaXdOQ2lBZ0luUnNjeUk2SUNJaUxBMEtJQ0FpYzI1cElqb2dJaUlzRFFvZ0lDSmhiSEJ1SWpvZ0lpSXNEUW9nSUNKbWNDSTZJQ0lpTEEwS0lDQWlhVzV6WldOMWNtVWlPaUFpTUNJc0RRb2dJQ0oyWTI0aU9pQWlJaXdOQ2lBZ0luQmpjeUk2SUNJaURRcDkK&insert=false&emoji=true&scv=true
2026/08/24 Mon 02:05:21.071017 [2296 Thread-2][VERB] handle_header: Accept: */*|Host: 127.0.0.1:25500|User-Agent: curl/8.5.0|
2026/08/24 Mon 02:05:21.071121 [2296 Thread-2][VERB] Imported 0 item(s).
2026/08/24 Mon 02:05:21.071200 [2296 Thread-2][INFO] Fetching node data from url 'data:text/plain;base64,YW55dGxzOi8vZ2l0aHViLmNvbSUyRkFsdmluOTk5OS1uZXdwYWMlMkZmYW5xaWFuZ0BpcDQuOTM0NjE4Lnh5ejo1MTEzMz9zZWN1cml0eT10bHMmc25pPWlwNC45MzQ2MTgueHl6Jmluc2VjdXJlPTAmYWxsb3dJbnNlY3VyZT0wJnR5cGU9dGNwJmhlYWRlclR5cGU9bm9uZSNnaXRodWItYW55dGxzLTEKdm1lc3M6Ly9ldzBLSUNBaWRpSTZJQ0l5SWl3TkNpQWdJbkJ6SWpvZ0luWnRaWE56TFhkekxXbHdkallpTEEwS0lDQWlZV1JrSWpvZ0lqSXdNREU2WW1NNE9qTXlaRGM2TVdFNU9qb3lJaXdOQ2lBZ0luQnZjblFpT2lBaU1qTXpPRGdpTEEwS0lDQWlhV1FpT2lBaU0yRTVOalprTWpBdE4ySTVaQzAwT0dOakxXSmhNbU10T0dRek9ERTJNV0kyWkROaElpd05DaUFnSW1GcFpDSTZJQ0l3SWl3TkNpQWdJbk5qZVNJNklDSmhkWFJ2SWl3TkNpQWdJbTVsZENJNklDSjNjeUlzRFFvZ0lDSjBlWEJsSWpvZ0ltNXZibVVpTEEwS0lDQWljR0YwYUNJNklDSXZaMmwwYUhWaUxtTnZiUzlCYkhacGJqazVPVGt0Ym1WM2NHRmpMMlpoYm5GcFlXNW5JaXdOQ2lBZ0luUnNjeUk2SUNJaUxBMEtJQ0FpYzI1cElqb2dJaUlzRFFvZ0lDSmhiSEJ1SWpvZ0lpSXNEUW9nSUNKbWNDSTZJQ0lpTEEwS0lDQWlhVzV6WldOMWNtVWlPaUFpTUNJc0RRb2dJQ0oyWTI0aU9pQWlJaXdOQ2lBZ0luQmpjeUk2SUNJaURRcDkK'.
2026/08/24 Mon 02:05:21.072535 [2296 Thread-2][VERB] Received Link.
2026/08/24 Mon 02:05:21.072560 [2296 Thread-2][VERB] Downloading subscription data...
2026/08/24 Mon 02:05:21.072584 [2296 Thread-2][VERB] Parsing subscription data...
2026/08/24 Mon 02:05:21.072680 [2296 Thread-2][VERB] Invalid subscription: 'data:text/plain;base64,YW55dGxzOi8vZ2l0aHViLmNvbSUyRkFsdmluOTk5OS1uZXdwYWMlMkZmYW5xaWFuZ0BpcDQuOTM0NjE4Lnh5ejo1MTEzMz9zZWN1cml0eT10bHMmc25pPWlwNC45MzQ2MTgueHl6Jmluc2VjdXJlPTAmYWxsb3dJbnNlY3VyZT0wJnR5cGU9dGNwJmhlYWRlclR5cGU9bm9uZSNnaXRodWItYW55dGxzLTEKdm1lc3M6Ly9ldzBLSUNBaWRpSTZJQ0l5SWl3TkNpQWdJbkJ6SWpvZ0luWnRaWE56TFhkekxXbHdkallpTEEwS0lDQWlZV1JrSWpvZ0lqSXdNREU2WW1NNE9qTXlaRGM2TVdFNU9qb3lJaXdOQ2lBZ0luQnZjblFpT2lBaU1qTXpPRGdpTEEwS0lDQWlhV1FpT2lBaU0yRTVOalprTWpBdE4ySTVaQzAwT0dOakxXSmhNbU10T0dRek9ERTJNV0kyWkROaElpd05DaUFnSW1GcFpDSTZJQ0l3SWl3TkNpQWdJbk5qZVNJNklDSmhkWFJ2SWl3TkNpQWdJbTVsZENJNklDSjNjeUlzRFFvZ0lDSjBlWEJsSWpvZ0ltNXZibVVpTEEwS0lDQWljR0YwYUNJNklDSXZaMmwwYUhWaUxtTnZiUzlCYkhacGJqazVPVGt0Ym1WM2NHRmpMMlpoYm5GcFlXNW5JaXdOQ2lBZ0luUnNjeUk2SUNJaUxBMEtJQ0FpYzI1cElqb2dJaUlzRFFvZ0lDSmhiSEJ1SWpvZ0lpSXNEUW9nSUNKbWNDSTZJQ0lpTEEwS0lDQWlhVzV6WldOMWNtVWlPaUFpTUNJc0RRb2dJQ0oyWTI0aU9pQWlJaXdOQ2lBZ0luQmpjeUk2SUNJaURRcDkK'!
2026/08/24 Mon 02:05:21.072698 [2296 Thread-2][WARN] The following link doesn't contain any valid node info: data:text/plain;base64,YW55dGxzOi8vZ2l0aHViLmNvbSUyRkFsdmluOTk5OS1uZXdwYWMlMkZmYW5xaWFuZ0BpcDQuOTM0NjE4Lnh5ejo1MTEzMz9zZWN1cml0eT10bHMmc25pPWlwNC45MzQ2MTgueHl6Jmluc2VjdXJlPTAmYWxsb3dJbnNlY3VyZT0wJnR5cGU9dGNwJmhlYWRlclR5cGU9bm9uZSNnaXRodWItYW55dGxzLTEKdm1lc3M6Ly9ldzBLSUNBaWRpSTZJQ0l5SWl3TkNpQWdJbkJ6SWpvZ0luWnRaWE56TFhkekxXbHdkallpTEEwS0lDQWlZV1JrSWpvZ0lqSXdNREU2WW1NNE9qTXlaRGM2TVdFNU9qb3lJaXdOQ2lBZ0luQnZjblFpT2lBaU1qTXpPRGdpTEEwS0lDQWlhV1FpT2lBaU0yRTVOalprTWpBdE4ySTVaQzAwT0dOakxXSmhNbU10T0dRek9ERTJNV0kyWkROaElpd05DaUFnSW1GcFpDSTZJQ0l3SWl3TkNpQWdJbk5qZVNJNklDSmhkWFJ2SWl3TkNpQWdJbTVsZENJNklDSjNjeUlzRFFvZ0lDSjBlWEJsSWpvZ0ltNXZibVVpTEEwS0lDQWljR0YwYUNJNklDSXZaMmwwYUhWaUxtTnZiUzlCYkhacGJqazVPVGt0Ym1WM2NHRmpMMlpoYm5GcFlXNW5JaXdOQ2lBZ0luUnNjeUk2SUNJaUxBMEtJQ0FpYzI1cElqb2dJaUlzRFFvZ0lDSmhiSEJ1SWpvZ0lpSXNEUW9nSUNKbWNDSTZJQ0lpTEEwS0lDQWlhVzV6WldOMWNtVWlPaUFpTUNJc0RRb2dJQ0oyWTI0aU9pQWlJaXdOQ2lBZ0luQmpjeUk2SUNJaURRcDkK
